[0;32m[INFO][0m 🧪 Starting n8n Infrastructure Test Suite
================================================
[0;32m[INFO][0m Testing Docker configuration...
